
[TestSpotJSON/coinbase.SpotPosition - 1]
{
    "asset": "asset",
    "account_uuid": "uuid",
    "total_balance_fiat": 1,
    "total_balance_crypto": 2,
    "available_to_trade_fiat": 3,
    "allocation": 4,
    "one_day_change": 5,
    "cost_basis": {
    "currency": "2",
    "value": "1"
    },
    "asset_img_url": "asdin",
    "is_cash": true
    }

---
